[24Sept2026 12:41:07.236] [main/INFO] [cpw.mods.modlauncher.Launcher/MODLAUNCHER]: ModLauncher running: args [--launchTarget, forgeclientdev, --version, 21.1.251, --assetIndex, 17, --assetsDir, C:\\Users\\Curti\\.gradle\\caches\\neoformruntime\\assets, --gameDir, ., --fml.fmlVersion, 4.0.44, --fml.mcVersion, 1.21.1, --fml.neoForgeVersion, 21.1.251, --fml.neoFormVersion, 20240808.144430]
[24Sept2026 12:41:07.239] [main/INFO] [cpw.mods.modlauncher.Launcher/MODLAUNCHER]: JVM identified as Eclipse Adoptium OpenJDK 64-Bit Server VM 21.0.11+10-LTS
[24Sept2026 12:41:07.241] [main/INFO] [cpw.mods.modlauncher.Launcher/MODLAUNCHER]: ModLauncher 11.0.5+main.901c6ea8 starting: java version 21.0.11 by Eclipse Adoptium; OS Windows 11 arch amd64 version 10.0
[24Sept2026 12:41:07.346] [main/WARN] [net.neoforged.fml.loading.FMLConfig/CORE]: Configuration file C:\GitHub\Create Reclamation\run\config\fml.toml is not correct. Correcting
[24Sept2026 12:41:07.389] [main/INFO] [net.neoforged.fml.loading.ImmediateWindowHandler/]: Loading ImmediateWindowProvider fmlearlywindow
[24Sept2026 12:41:07.703] [main/INFO] [EARLYDISPLAY/]: Trying GL version 4.6
[24Sept2026 12:41:08.010] [main/INFO] [EARLYDISPLAY/]: Requested GL version 4.6 got version 4.6
[24Sept2026 12:41:08.229] [main/INFO] [mixin/]: SpongePowered MIXIN Subsystem Version=0.8.7 Source=union:/C:/Users/Curti/.gradle/caches/modules-2/files-2.1/net.fabricmc/sponge-mixin/0.15.2+mixin.0.8.7/2af2f021d8e02a0220dc27a7a72b4666d66d44ca/sponge-mixin-0.15.2+mixin.0.8.7.jar%23138!/ Service=ModLauncher Env=CLIENT
[24Sept2026 12:41:08.245] [main/WARN] [net.neoforged.fml.loading.FMLConfig/CORE]: Configuration file C:\GitHub\Create Reclamation\run\config\fml.toml is not correct. Correcting
[24Sept2026 12:41:08.463] [pool-2-thread-1/INFO] [EARLYDISPLAY/]: GL info: NVIDIA GeForce RTX 3060/PCIe/SSE2 GL version 4.6.0 NVIDIA 610.62, NVIDIA Corporation
[24Sept2026 12:41:09.107] [main/WARN] [net.neoforged.jarjar.selection.JarSelector/]: Attempted to select a dependency jar for JarJar which was passed in as source: library:Registrate.MC1._21._67. Using Mod File: C:\Users\Curti\.gradle\caches\modules-2\files-2.1\com.tterrag.registrate\Registrate\MC1.21-1.3.0+67\66ddc4cd56472fea1ea1a24182901e6c92a51c0a\Registrate-MC1.21-1.3.0+67.jar
[24Sept2026 12:41:09.107] [main/WARN] [net.neoforged.jarjar.selection.JarSelector/]: Attempted to select a dependency jar for JarJar which was passed in as source: flywheel. Using Mod File: C:\Users\Curti\.gradle\caches\modules-2\files-2.1\dev.engine-room.flywheel\flywheel-neoforge-1.21.1\1.0.4\47fe9da825b4479bbac55d6432d5932ee76f32f0\flywheel-neoforge-1.21.1-1.0.4.jar
[24Sept2026 12:41:09.111] [main/WARN] [net.neoforged.jarjar.selection.JarSelector/]: Attempted to select a dependency jar for JarJar which was passed in as source: ponder. Using Mod File: C:\Users\Curti\.gradle\caches\modules-2\files-2.1\net.createmod.ponder\ponder-neoforge\1.0.87+mc1.21.1\7783eeff0389f8c6003457133b9dd98e903266c6\ponder-neoforge-1.0.87+mc1.21.1.jar
[24Sept2026 12:41:09.111] [main/INFO] [net.neoforged.fml.loading.moddiscovery.locators.JarInJarDependencyLocator/]: Found 2 dependencies adding them to mods collection
[24Sept2026 12:41:09.113] [main/INFO] [net.neoforged.fml.loading.moddiscovery.ModDiscoverer/]: 
     Mod List:
		Name Version (Mod Id)

		Create 6.0.10 (create)
		Create: Reclamation 0.1.0 (create_reclamation)
		Flywheel 1.0.4 (flywheel)
		Just Enough Items 19.21.0.246 (jei)
		Minecraft 1.21.1 (minecraft)
		NeoForge 21.1.251 (neoforge)
		Ponder 1.0.87+mc1.21.1 (ponder)
[24Sept2026 12:41:10.732] [main/INFO] [mixin/]: Compatibility level set to JAVA_21
[24Sept2026 12:41:10.807] [main/INFO] [cpw.mods.modlauncher.LaunchServiceHandler/MODLAUNCHER]: Launching target 'forgeclientdev' with arguments [--version, 21.1.251, --gameDir, ., --assetsDir, C:\Users\Curti\.gradle\caches\neoformruntime\assets, --assetIndex, 17]
[24Sept2026 12:41:10.997] [main/WARN] [mixin/]: Reference map 'ponder.refmap.json' for ponder-common.mixins.json could not be read. If this is a development environment you can ignore this message
[24Sept2026 12:41:12.108] [main/WARN] [mixin/]: Error loading class: org/jetbrains/annotations/ApiStatus$ScheduledForRemoval (java.lang.ClassNotFoundException: org.jetbrains.annotations.ApiStatus$ScheduledForRemoval)
[24Sept2026 12:41:12.200] [main/INFO] [MixinExtras|Service/]: Initializing MixinExtras via com.llamalad7.mixinextras.service.MixinExtrasServiceImpl(version=0.5.3).
[24Sept2026 12:41:14.803] [Datafixer Bootstrap/INFO] [com.mojang.datafixers.DataFixerBuilder/]: 229 Datafixer optimizations took 384 milliseconds
[24Sept2026 12:41:20.081] [main/WARN] [net.minecraft.commands.Commands/]: Ambiguity between arguments [teleport, location] and [teleport, destination] with inputs: [0.1 -0.5 .9, 0 0 0]
[24Sept2026 12:41:20.082] [main/WARN] [net.minecraft.commands.Commands/]: Ambiguity between arguments [teleport, location] and [teleport, targets] with inputs: [0.1 -0.5 .9, 0 0 0]
[24Sept2026 12:41:20.084] [main/WARN] [net.minecraft.commands.Commands/]: Ambiguity between arguments [teleport, destination] and [teleport, targets] with inputs: [Player, 0123, @e, dd12be42-52a9-4a91-a8a1-11c01849e498]
[24Sept2026 12:41:20.085] [main/WARN] [net.minecraft.commands.Commands/]: Ambiguity between arguments [teleport, targets] and [teleport, destination] with inputs: [Player, 0123, dd12be42-52a9-4a91-a8a1-11c01849e498]
[24Sept2026 12:41:20.086] [main/WARN] [net.minecraft.commands.Commands/]: Ambiguity between arguments [teleport, targets, location] and [teleport, targets, destination] with inputs: [0.1 -0.5 .9, 0 0 0]
[24Sept2026 12:41:20.216] [Render thread/WARN] [net.minecraft.server.packs.VanillaPackResourcesBuilder/]: Assets URL 'union:/C:/GitHub/Create%20Reclamation/build/moddev/artifacts/neoforge-21.1.251.jar%23189!/assets/.mcassetsroot' uses unexpected schema
[24Sept2026 12:41:20.216] [Render thread/WARN] [net.minecraft.server.packs.VanillaPackResourcesBuilder/]: Assets URL 'union:/C:/GitHub/Create%20Reclamation/build/moddev/artifacts/neoforge-21.1.251.jar%23189!/data/.mcassetsroot' uses unexpected schema
[24Sept2026 12:41:20.245] [Render thread/INFO] [com.mojang.authlib.yggdrasil.YggdrasilAuthenticationService/]: Environment: Environment[sessionHost=https://sessionserver.mojang.com, servicesHost=https://api.minecraftservices.com, name=PROD]
[24Sept2026 12:41:20.253] [Render thread/INFO] [net.minecraft.client.Minecraft/]: Setting user: Dev
[24Sept2026 12:41:20.339] [Render thread/INFO] [net.minecraft.client.Minecraft/]: Backend library: LWJGL version 3.3.3+5
[24Sept2026 12:41:20.693] [modloading-worker-0/INFO] [create_reclamation/]: Initializing Create: Reclamation
[24Sept2026 12:41:20.729] [modloading-worker-0/INFO] [net.neoforged.neoforge.common.NeoForgeMod/NEOFORGE-MOD]: NeoForge mod loading, version 21.1.251, for MC 1.21.1
[24Sept2026 12:41:20.842] [modloading-worker-0/INFO] [com.simibubi.create.Create/]: Create 6.0.10 initializing! Commit hash: ac0c444d9828da3453ae8cc65338e8de063286fb
[24Sept2026 12:41:20.852] [modloading-worker-0/INFO] [mezz.jei.library.load.PluginCaller/]: Sending ConfigManager...
[24Sept2026 12:41:20.857] [modloading-worker-0/INFO] [mezz.jei.library.load.PluginCaller/]: Sending ConfigManager took 3.081 ms
[24Sept2026 12:41:23.798] [Render thread/INFO] [net.neoforged.neoforge.gametest.GameTestHooks/]: Enabled Gametest Namespaces: [create_reclamation]
[24Sept2026 12:41:24.058] [Render thread/INFO] [net.minecraft.server.packs.resources.ReloadableResourceManager/]: Reloading ResourceManager: vanilla, mod_resources, mod/create_reclamation, mod/flywheel, mod/ponder, mod/create, mod/neoforge, mod/jei
[24Sept2026 12:41:24.160] [NeoForge Version Check/INFO] [net.neoforged.fml.VersionChecker/]: [create] Starting version check at https://api.modrinth.com/updates/create/forge_updates.json?neoforge=only
[24Sept2026 12:41:24.215] [Worker-Main-3/INFO] [net.minecraft.client.gui.font.providers.UnihexProvider/]: Found unifont_all_no_pua-15.1.05.hex, loading
[24Sept2026 12:41:24.287] [Worker-Main-2/INFO] [net.minecraft.client.gui.font.providers.UnihexProvider/]: Found unifont_jp_patch-15.1.05.hex, loading
[24Sept2026 12:41:24.839] [NeoForge Version Check/INFO] [net.neoforged.fml.VersionChecker/]: [create] Found status: OUTDATED Current: 6.0.10 Target: 6.0.10+mc1.21.1
[24Sept2026 12:41:26.565] [Worker-Main-15/INFO] [PonderIndex/]: Registering Ponder Scenes took 97.90 ms
[24Sept2026 12:41:26.571] [Worker-Main-15/INFO] [PonderIndex/]: Registering Ponder Tags took 5.141 ms
[24Sept2026 12:41:26.732] [Render thread/WARN] [net.minecraft.client.sounds.SoundEngine/]: Missing sound for event: minecraft:item.goat_horn.play
[24Sept2026 12:41:26.732] [Render thread/WARN] [net.minecraft.client.sounds.SoundEngine/]: Missing sound for event: minecraft:entity.goat.screaming.horn_break
[24Sept2026 12:41:26.781] [Render thread/INFO] [com.mojang.blaze3d.audio.Library/]: OpenAL initialized on device OpenAL Soft on Speakers (2- High Definition Audio Device)
[24Sept2026 12:41:26.782] [Render thread/INFO] [net.minecraft.client.sounds.SoundEngine/SOUNDS]: Sound engine started
[24Sept2026 12:41:26.876] [Render thread/INFO] [net.minecraft.client.renderer.texture.TextureAtlas/]: Created: 2048x1024x4 minecraft:textures/atlas/blocks.png-atlas
[24Sept2026 12:41:26.889] [Render thread/INFO] [net.minecraft.client.renderer.texture.TextureAtlas/]: Created: 256x256x4 minecraft:textures/atlas/signs.png-atlas
[24Sept2026 12:41:26.889] [Render thread/INFO] [net.minecraft.client.renderer.texture.TextureAtlas/]: Created: 512x512x4 minecraft:textures/atlas/shield_patterns.png-atlas
[24Sept2026 12:41:26.890] [Render thread/INFO] [net.minecraft.client.renderer.texture.TextureAtlas/]: Created: 512x512x4 minecraft:textures/atlas/banner_patterns.png-atlas
[24Sept2026 12:41:26.890] [Render thread/INFO] [net.minecraft.client.renderer.texture.TextureAtlas/]: Created: 2048x1024x4 minecraft:textures/atlas/armor_trims.png-atlas
[24Sept2026 12:41:26.894] [Render thread/INFO] [net.minecraft.client.renderer.texture.TextureAtlas/]: Created: 128x64x4 minecraft:textures/atlas/decorated_pot.png-atlas
[24Sept2026 12:41:26.894] [Render thread/INFO] [net.minecraft.client.renderer.texture.TextureAtlas/]: Created: 256x256x4 minecraft:textures/atlas/chest.png-atlas
[24Sept2026 12:41:26.895] [Render thread/INFO] [net.minecraft.client.renderer.texture.TextureAtlas/]: Created: 512x256x4 minecraft:textures/atlas/shulker_boxes.png-atlas
[24Sept2026 12:41:26.895] [Render thread/INFO] [net.minecraft.client.renderer.texture.TextureAtlas/]: Created: 512x256x4 minecraft:textures/atlas/beds.png-atlas
[24Sept2026 12:41:26.956] [Render thread/INFO] [net.minecraft.client.renderer.texture.TextureAtlas/]: Created: 512x256x0 minecraft:textures/atlas/particles.png-atlas
[24Sept2026 12:41:26.957] [Render thread/INFO] [net.minecraft.client.renderer.texture.TextureAtlas/]: Created: 512x256x0 minecraft:textures/atlas/paintings.png-atlas
[24Sept2026 12:41:26.958] [Render thread/INFO] [net.minecraft.client.renderer.texture.TextureAtlas/]: Created: 256x128x0 minecraft:textures/atlas/mob_effects.png-atlas
[24Sept2026 12:41:26.958] [Render thread/INFO] [net.minecraft.client.renderer.texture.TextureAtlas/]: Created: 64x64x0 minecraft:textures/atlas/map_decorations.png-atlas
[24Sept2026 12:41:26.958] [Render thread/INFO] [net.minecraft.client.renderer.texture.TextureAtlas/]: Created: 1024x512x0 minecraft:textures/atlas/gui.png-atlas
[24Sept2026 12:41:26.978] [Render thread/WARN] [net.minecraft.client.renderer.ShaderInstance/]: Shader rendertype_entity_translucent_emissive could not find sampler named Sampler2 in the specified shader program.
[24Sept2026 12:41:27.050] [Render thread/INFO] [flywheel/backend/shaders/]: Loaded 77 shader sources in 23.423 ms
[24Sept2026 12:41:27.075] [Render thread/INFO] [com.simibubi.create.Create/]: Loaded 58 train hat configurations.
[24Sept2026 12:41:27.075] [Render thread/INFO] [net.neoforged.neoforge.client.entity.animation.json.AnimationLoader/]: Loaded 0 entity animations
[24Sept2026 12:41:27.076] [Render thread/INFO] [net.minecraft.client.renderer.texture.TextureAtlas/]: Created: 256x256x0 jei:textures/atlas/gui.png-atlas
[24Sept2026 12:41:32.349] [Render thread/INFO] [com.simibubi.create.Create/]: Created 157 recipes which will be injected into the game
[24Sept2026 12:41:32.355] [Render thread/INFO] [com.simibubi.create.Create/]: Created 0 tags which will be injected into the game
[24Sept2026 12:41:33.230] [Render thread/INFO] [net.minecraft.world.item.crafting.RecipeManager/]: Loaded 2823 recipes
[24Sept2026 12:41:33.427] [Render thread/INFO] [net.minecraft.advancements.AdvancementTree/]: Loaded 2508 advancements
[24Sept2026 12:41:34.353] [Render thread/INFO] [mezz.jei.neoforge.startup.StartEventObserver/]: JEI StartEventObserver received class net.neoforged.neoforge.event.TagsUpdatedEvent too early, ignoring
[24Sept2026 12:41:34.422] [Server thread/INFO] [net.minecraft.client.server.IntegratedServer/]: Starting integrated minecraft server version 1.21.1
[24Sept2026 12:41:34.422] [Server thread/INFO] [net.minecraft.server.MinecraftServer/]: Generating keypair
[24Sept2026 12:41:35.189] [Server thread/INFO] [net.minecraft.server.MinecraftServer/]: Preparing start region for dimension minecraft:overworld
[24Sept2026 12:41:35.402] [progressListener/INFO] [net.minecraft.server.level.progress.LoggerChunkProgressListener/]: Preparing spawn area: 0%
[24Sept2026 12:41:35.512] [Server thread/INFO] [net.neoforged.neoforge.server.permission.PermissionAPI/]: Successfully initialized permission handler neoforge:default_handler
[24Sept2026 12:41:35.516] [progressListener/INFO] [net.minecraft.server.level.progress.LoggerChunkProgressListener/]: Time elapsed: 315 ms
[24Sept2026 12:41:35.588] [Server thread/INFO] [net.minecraft.client.server.IntegratedServer/]: Changing view distance to 12, from 10
[24Sept2026 12:41:35.588] [Server thread/INFO] [net.minecraft.client.server.IntegratedServer/]: Changing simulation distance to 12, from 0
[24Sept2026 12:41:35.988] [Render thread/INFO] [com.simibubi.create.Create/]: Created 157 recipes which will be injected into the game
[24Sept2026 12:41:35.990] [Render thread/INFO] [com.simibubi.create.Create/]: Created 0 tags which will be injected into the game
[24Sept2026 12:41:36.078] [Render thread/INFO] [mezz.jei.neoforge.startup.StartEventObserver/]: JEI StartEventObserver received class net.neoforged.neoforge.event.TagsUpdatedEvent
[24Sept2026 12:41:36.224] [Server thread/INFO] [net.minecraft.server.players.PlayerList/]: Dev[local:E:6e0216c0] logged in with entity id 31 at (-87.82396558283375, 72.0, -39.57168431595696)
[24Sept2026 12:41:36.284] [Server thread/INFO] [net.minecraft.server.MinecraftServer/]: Dev joined the game
[24Sept2026 12:41:36.468] [Render thread/INFO] [flywheel/]: Started 10 worker threads
[24Sept2026 12:41:36.529] [Render thread/WARN] [net.minecraft.client.ClientRecipeBook/]: Unknown recipe category: create_reclamation:reclaiming/create_reclamation:reclaiming/andesite_casing
[24Sept2026 12:41:36.544] [Render thread/INFO] [mezz.jei.neoforge.startup.StartEventObserver/]: JEI StartEventObserver received class net.neoforged.neoforge.client.event.RecipesUpdatedEvent
[24Sept2026 12:41:36.544] [Render thread/INFO] [mezz.jei.neoforge.startup.StartEventObserver/]: JEI StartEventObserver transitioning state from LISTENING to JEI_STARTED
[24Sept2026 12:41:36.547] [Render thread/INFO] [mezz.jei.core.util.LoggedTimer/]: Starting JEI...
[24Sept2026 12:41:36.562] [Render thread/INFO] [mezz.jei.library.load.PluginCaller/]: Registering item subtypes...
[24Sept2026 12:41:36.574] [Render thread/INFO] [mezz.jei.library.load.PluginCallerTimerRunnable/]: Registering item subtypes: jei:minecraft took 11.35 milliseconds
[24Sept2026 12:41:36.575] [Render thread/INFO] [mezz.jei.library.load.PluginCaller/]: Registering item subtypes took 12.60 ms
[24Sept2026 12:41:36.576] [Render thread/INFO] [mezz.jei.library.load.PluginCaller/]: Registering fluid subtypes...
[24Sept2026 12:41:36.581] [Render thread/INFO] [mezz.jei.library.load.PluginCaller/]: Registering fluid subtypes took 4.832 ms
[24Sept2026 12:41:36.586] [Render thread/INFO] [mezz.jei.library.load.PluginCaller/]: Registering ingredients...
[24Sept2026 12:41:36.684] [Render thread/WARN] [mezz.jei.library.plugins.vanilla.ingredients.ItemStackListFactory/]: Item Group has no display items and no search tab display items. Items from this group will be missing from the JEI ingredient list. Operator Utilities
[24Sept2026 12:41:36.759] [Render thread/INFO] [mezz.jei.library.load.PluginCallerTimerRunnable/]: Registering ingredients: jei:minecraft took 173.1 milliseconds
[24Sept2026 12:41:36.761] [Render thread/INFO] [mezz.jei.library.load.PluginCaller/]: Registering ingredients took 174.4 ms
[24Sept2026 12:41:36.762] [Render thread/INFO] [mezz.jei.library.load.PluginCaller/]: Registering extra ingredients...
[24Sept2026 12:41:36.768] [Render thread/INFO] [mezz.jei.library.load.PluginCaller/]: Registering extra ingredients took 6.421 ms
[24Sept2026 12:41:36.769] [Render thread/INFO] [mezz.jei.library.load.PluginCaller/]: Registering search ingredient aliases...
[24Sept2026 12:41:36.769] [Render thread/INFO] [mezz.jei.library.load.PluginCaller/]: Registering search ingredient aliases took 889.9 ?s
[24Sept2026 12:41:36.813] [Render thread/INFO] [mezz.jei.library.load.PluginCaller/]: Registering Mod Info...
[24Sept2026 12:41:36.814] [Render thread/INFO] [mezz.jei.library.load.PluginCaller/]: Registering Mod Info took 1.197 ms
[24Sept2026 12:41:36.853] [Render thread/INFO] [mezz.jei.library.load.PluginCaller/]: Registering categories...
[24Sept2026 12:41:36.898] [Render thread/INFO] [mezz.jei.library.load.PluginCallerTimerRunnable/]: Registering categories: jei:minecraft took 44.17 milliseconds
[24Sept2026 12:41:36.989] [Render thread/INFO] [mezz.jei.library.load.PluginCallerTimerRunnable/]: Registering categories: create:jei_plugin took 84.73 milliseconds
[24Sept2026 12:41:37.001] [Render thread/INFO] [mezz.jei.library.load.PluginCallerTimerRunnable/]: Registering categories: jei:internal took 11.12 milliseconds
[24Sept2026 12:41:37.002] [Render thread/INFO] [mezz.jei.library.load.PluginCaller/]: Registering categories took 147.9 ms
[24Sept2026 12:41:37.004] [Render thread/INFO] [mezz.jei.library.load.PluginCaller/]: Registering vanilla category extensions...
[24Sept2026 12:41:37.011] [Render thread/INFO] [mezz.jei.library.load.PluginCaller/]: Registering vanilla category extensions took 6.660 ms
[24Sept2026 12:41:37.013] [Render thread/INFO] [mezz.jei.library.load.PluginCaller/]: Registering recipe catalysts...
[24Sept2026 12:41:37.016] [Render thread/INFO] [mezz.jei.library.load.PluginCaller/]: Registering recipe catalysts took 2.416 ms
[24Sept2026 12:41:37.016] [Render thread/INFO] [mezz.jei.core.util.LoggedTimer/]: Building recipe registry...
[24Sept2026 12:41:37.045] [Render thread/INFO] [mezz.jei.core.util.LoggedTimer/]: Building recipe registry took 27.89 ms
[24Sept2026 12:41:37.049] [Render thread/INFO] [mezz.jei.library.load.PluginCaller/]: Registering advanced plugins...
[24Sept2026 12:41:37.051] [Render thread/INFO] [mezz.jei.library.load.PluginCaller/]: Registering advanced plugins took 986.5 ?s
[24Sept2026 12:41:37.052] [Render thread/INFO] [mezz.jei.library.load.PluginCaller/]: Registering recipes...
[24Sept2026 12:41:37.239] [Render thread/INFO] [mezz.jei.library.load.PluginCallerTimerRunnable/]: Registering recipes: jei:minecraft took 185.2 milliseconds
[24Sept2026 12:41:37.486] [Render thread/INFO] [mezz.jei.library.load.PluginCallerTimerRunnable/]: Registering recipes: create_reclamation:jei_plugin took 247.2 milliseconds
[24Sept2026 12:41:37.646] [Render thread/INFO] [mezz.jei.library.load.PluginCallerTimerRunnable/]: Registering recipes: create:jei_plugin took 159.4 milliseconds
[24Sept2026 12:41:37.714] [Render thread/INFO] [mezz.jei.library.load.PluginCallerTimerRunnable/]: Registering recipes: jei:internal took 67.02 milliseconds
[24Sept2026 12:41:37.714] [Render thread/INFO] [mezz.jei.library.load.PluginCaller/]: Registering recipes took 661.4 ms
[24Sept2026 12:41:37.728] [Render thread/INFO] [mezz.jei.library.load.PluginCaller/]: Registering recipes transfer handlers...
[24Sept2026 12:41:37.738] [Render thread/INFO] [mezz.jei.library.load.PluginCaller/]: Registering recipes transfer handlers took 9.388 ms
[24Sept2026 12:41:37.751] [Render thread/INFO] [mezz.jei.core.util.LoggedTimer/]: Building runtime...
[24Sept2026 12:41:37.765] [Render thread/INFO] [mezz.jei.library.load.PluginCaller/]: Registering gui handlers...
[24Sept2026 12:41:37.789] [Render thread/INFO] [mezz.jei.library.load.PluginCaller/]: Registering gui handlers took 23.73 ms
[24Sept2026 12:41:37.798] [Render thread/INFO] [mezz.jei.library.load.PluginCaller/]: Registering Runtime...
[24Sept2026 12:41:37.801] [Render thread/INFO] [mezz.jei.gui.startup.JeiGuiStarter/]: Starting JEI GUI
[24Sept2026 12:41:37.803] [Render thread/INFO] [mezz.jei.core.util.LoggedTimer/]: Building ingredient list...
[24Sept2026 12:41:37.840] [Render thread/INFO] [mezz.jei.core.util.LoggedTimer/]: Building ingredient list took 37.80 ms
[24Sept2026 12:41:37.840] [Render thread/INFO] [mezz.jei.core.util.LoggedTimer/]: Building ingredient filter...
[24Sept2026 12:41:37.919] [Render thread/INFO] [mezz.jei.gui.ingredients.IngredientFilter/]: Adding 2385 ingredients
[24Sept2026 12:41:38.256] [Render thread/INFO] [mezz.jei.gui.ingredients.IngredientFilter/]: Added 2385 ingredients
[24Sept2026 12:41:38.257] [Render thread/INFO] [mezz.jei.core.util.LoggedTimer/]: Building ingredient filter took 416.6 ms
[24Sept2026 12:41:38.424] [Render thread/INFO] [mezz.jei.library.load.PluginCallerTimerRunnable/]: Registering Runtime: jei:neoforge_gui took 625.1 milliseconds
[24Sept2026 12:41:38.425] [Render thread/INFO] [mezz.jei.library.load.PluginCaller/]: Registering Runtime took 626.6 ms
[24Sept2026 12:41:38.427] [Render thread/INFO] [mezz.jei.core.util.LoggedTimer/]: Building runtime took 675.3 ms
[24Sept2026 12:41:38.428] [Render thread/INFO] [mezz.jei.library.load.PluginCaller/]: Sending Runtime...
[24Sept2026 12:41:38.429] [Render thread/INFO] [mezz.jei.library.load.PluginCaller/]: Sending Runtime took 1.037 ms
[24Sept2026 12:41:38.429] [Render thread/INFO] [mezz.jei.core.util.LoggedTimer/]: Starting JEI took 1.882 s
[24Sept2026 12:41:38.458] [Render thread/INFO] [net.minecraft.advancements.AdvancementTree/]: Loaded 280 advancements
[24Sept2026 12:41:46.414] [Server thread/INFO] [net.minecraft.client.server.IntegratedServer/]: Saving and pausing game...
[24Sept2026 12:41:46.459] [Server thread/INFO] [net.minecraft.server.MinecraftServer/]: Saving chunks for level 'ServerLevel[New World]'/minecraft:overworld
[24Sept2026 12:41:46.484] [Server thread/INFO] [net.minecraft.server.MinecraftServer/]: Saving chunks for level 'ServerLevel[New World]'/minecraft:the_nether
[24Sept2026 12:41:46.484] [Server thread/INFO] [net.minecraft.server.MinecraftServer/]: Saving chunks for level 'ServerLevel[New World]'/minecraft:the_end
[24Sept2026 12:42:40.514] [Server thread/INFO] [net.minecraft.client.server.IntegratedServer/]: Saving and pausing game...
[24Sept2026 12:42:40.528] [Server thread/INFO] [net.minecraft.server.MinecraftServer/]: Saving chunks for level 'ServerLevel[New World]'/minecraft:overworld
[24Sept2026 12:42:40.539] [Server thread/INFO] [net.minecraft.server.MinecraftServer/]: Saving chunks for level 'ServerLevel[New World]'/minecraft:the_nether
[24Sept2026 12:42:40.539] [Server thread/INFO] [net.minecraft.server.MinecraftServer/]: Saving chunks for level 'ServerLevel[New World]'/minecraft:the_end
[24Sept2026 12:43:00.715] [Server thread/INFO] [net.minecraft.client.server.IntegratedServer/]: Saving and pausing game...
[24Sept2026 12:43:00.728] [Server thread/INFO] [net.minecraft.server.MinecraftServer/]: Saving chunks for level 'ServerLevel[New World]'/minecraft:overworld
[24Sept2026 12:43:00.736] [Server thread/INFO] [net.minecraft.server.MinecraftServer/]: Saving chunks for level 'ServerLevel[New World]'/minecraft:the_nether
[24Sept2026 12:43:00.736] [Server thread/INFO] [net.minecraft.server.MinecraftServer/]: Saving chunks for level 'ServerLevel[New World]'/minecraft:the_end
[24Sept2026 12:43:09.814] [Server thread/INFO] [net.minecraft.client.server.IntegratedServer/]: Saving and pausing game...
[24Sept2026 12:43:09.826] [Server thread/INFO] [net.minecraft.server.MinecraftServer/]: Saving chunks for level 'ServerLevel[New World]'/minecraft:overworld
[24Sept2026 12:43:09.831] [Server thread/INFO] [net.minecraft.server.MinecraftServer/]: Saving chunks for level 'ServerLevel[New World]'/minecraft:the_nether
[24Sept2026 12:43:09.832] [Server thread/INFO] [net.minecraft.server.MinecraftServer/]: Saving chunks for level 'ServerLevel[New World]'/minecraft:the_end
[24Sept2026 12:44:01.415] [Server thread/INFO] [net.minecraft.client.server.IntegratedServer/]: Saving and pausing game...
[24Sept2026 12:44:01.428] [Server thread/INFO] [net.minecraft.server.MinecraftServer/]: Saving chunks for level 'ServerLevel[New World]'/minecraft:overworld
[24Sept2026 12:44:01.434] [Server thread/INFO] [net.minecraft.server.MinecraftServer/]: Saving chunks for level 'ServerLevel[New World]'/minecraft:the_nether
[24Sept2026 12:44:01.434] [Server thread/INFO] [net.minecraft.server.MinecraftServer/]: Saving chunks for level 'ServerLevel[New World]'/minecraft:the_end
[24Sept2026 12:44:30.565] [Server thread/INFO] [net.minecraft.client.server.IntegratedServer/]: Saving and pausing game...
[24Sept2026 12:44:30.576] [Server thread/INFO] [net.minecraft.server.MinecraftServer/]: Saving chunks for level 'ServerLevel[New World]'/minecraft:overworld
[24Sept2026 12:44:30.581] [Server thread/INFO] [net.minecraft.server.MinecraftServer/]: Saving chunks for level 'ServerLevel[New World]'/minecraft:the_nether
[24Sept2026 12:44:30.581] [Server thread/INFO] [net.minecraft.server.MinecraftServer/]: Saving chunks for level 'ServerLevel[New World]'/minecraft:the_end
[24Sept2026 12:44:32.102] [Render thread/INFO] [net.minecraft.client.Minecraft/]: Stopping!
[24Sept2026 12:44:32.105] [Render thread/INFO] [mezz.jei.neoforge.startup.StartEventObserver/]: JEI StartEventObserver received class net.neoforged.neoforge.client.event.ClientPlayerNetworkEvent$LoggingOut
[24Sept2026 12:44:32.105] [Render thread/INFO] [mezz.jei.neoforge.startup.StartEventObserver/]: JEI StartEventObserver transitioning state from JEI_STARTED to LISTENING
[24Sept2026 12:44:32.105] [Render thread/INFO] [mezz.jei.library.startup.JeiStarter/]: Stopping JEI
[24Sept2026 12:44:32.105] [Render thread/INFO] [mezz.jei.library.load.PluginCaller/]: Sending Runtime Unavailable...
[24Sept2026 12:44:32.106] [Render thread/INFO] [mezz.jei.neoforge.plugins.neoforge.NeoForgeGuiPlugin/]: Stopping JEI GUI
[24Sept2026 12:44:32.109] [Render thread/INFO] [mezz.jei.library.load.PluginCaller/]: Sending Runtime Unavailable took 3.369 ms
[24Sept2026 12:44:32.121] [Server thread/INFO] [net.minecraft.server.network.ServerGamePacketListenerImpl/]: Dev lost connection: Disconnected
[24Sept2026 12:44:32.121] [Server thread/INFO] [net.minecraft.server.MinecraftServer/]: Dev left the game
[24Sept2026 12:44:32.137] [Server thread/INFO] [net.minecraft.server.network.ServerCommonPacketListenerImpl/]: Stopping singleplayer server as player logged out
[24Sept2026 12:44:32.164] [Server thread/INFO] [net.minecraft.server.MinecraftServer/]: Stopping server
[24Sept2026 12:44:32.165] [Server thread/INFO] [net.minecraft.server.MinecraftServer/]: Saving players
[24Sept2026 12:44:32.165] [Server thread/INFO] [net.minecraft.server.MinecraftServer/]: Saving worlds
[24Sept2026 12:44:32.322] [Server thread/INFO] [net.minecraft.server.MinecraftServer/]: Saving chunks for level 'ServerLevel[New World]'/minecraft:overworld
[24Sept2026 12:44:32.476] [Server thread/INFO] [net.minecraft.server.MinecraftServer/]: Saving chunks for level 'ServerLevel[New World]'/minecraft:the_nether
[24Sept2026 12:44:32.481] [Server thread/INFO] [net.minecraft.server.MinecraftServer/]: Saving chunks for level 'ServerLevel[New World]'/minecraft:the_end
[24Sept2026 12:44:32.495] [Server thread/INFO] [net.minecraft.server.MinecraftServer/]: ThreadedAnvilChunkStorage (New World): All chunks are saved
[24Sept2026 12:44:32.495] [Server thread/INFO] [net.minecraft.server.MinecraftServer/]: ThreadedAnvilChunkStorage (DIM-1): All chunks are saved
[24Sept2026 12:44:32.495] [Server thread/INFO] [net.minecraft.server.MinecraftServer/]: ThreadedAnvilChunkStorage (DIM1): All chunks are saved
[24Sept2026 12:44:32.495] [Server thread/INFO] [net.minecraft.server.MinecraftServer/]: ThreadedAnvilChunkStorage: All dimensions are saved
